# serializer version: 1
# name: test_summarize_large_project_uses_gemini
  dict({
    'analysis_details': dict({
      'chunks_processed': 1,
      'files_analyzed': 15,
      'total_tokens': 527981,
      'used_gemini': True,
    }),
    'architecture': dict({
    }),
    'code_quality': dict({
    }),
    'components': list([
    ]),
    'dependencies': list([
    ]),
    'key_features': list([
    ]),
    'overview': '''
      Here is a comprehensive analysis of the provided codebase.
      
      ### **Project Summary: large_test_project**
      
      #### 1. Overview
      
      This project, `large_test_project`, is a Python-based system designed for modular, configurable, and extensible data processing. Its core purpose is to provide a framework for creating complex data processing pipelines. Data flows through a series of stages including validation, transformation, and business logic application. The system is architected with a strong emphasis on component-based design, allowing for different functionalities to be plugged in at runtime via configuration. Although the codebase appears to be a large-scale skeleton or a synthetic test project with significant code duplication, it clearly outlines a sophisticated architectural intent.
      
      #### 2. Technology Stack
      
      *   **Programming Language**:
          *   **Python**: The entire codebase is written in Python.
      *   **Frameworks & Libraries**:
          *   No external frameworks (like Django, Flask, etc.) or libraries are detected. The project uses standard Python features.
          *   **`typing`**: The standard library `typing` module is used for type hints (`dict`, `list`, `Any`), which enhances code clarity and allows for static analysis.
      
      #### 3. Architecture
      
      The project's architecture is its most defining characteristic, showcasing several well-known design patterns.
      
      *   **Architectural Patterns**:
          *   **Component-Based Architecture**: The system is fundamentally built on components. The code is organized into `component_*.py` files, each containing multiple `Component` classes. This promotes modularity and separation of concerns.
          *   **Pipeline Pattern**: The `process_data` method in each component implements a classic data processing pipeline. Data is passed sequentially through distinct stages: validation, transformation, business logic, and finally caching.
          *   **Strategy / Plugin Pattern**: The behavior of each component is made extensible by using lists of handlers (`validators`, `transformers`, `handlers`). This allows new functionality (e.g., a new validation rule) to be "plugged in" by adding it to the appropriate list, likely via the configuration object, without modifying the component's core code.
          *   **Observer Pattern**: The presence of `listeners` and `observers` lists strongly suggests an event-driven mechanism where components can subscribe to and react to events within the system.
          *   **Middleware Pattern**: The `middleware` list hints at a design where requests or data can be processed by a chain of independent handlers before reaching the main business logic.
      
      *   **Design Decisions**:
          *   **Configuration-Driven**: Components are initialized with a `config` dictionary, indicating that their behavior, connections, and plugins are injected at runtime rather than being hardcoded. This makes the system highly flexible and adaptable.
          *   **Extensibility**: The plugin-based design is central to the architecture, allowing developers to extend the system's capabilities easily.
          *   **Modularity**: Although the implementation is repetitive, the intent is to have discrete, independent components that handle specific parts of the data processing workflow.
      
      *   **Project Organization**:
          *   The source code is contained within a `src` directory.
          *   The file and class naming convention (`component_0.py`, `Component1`, etc.) is numerical and unconventional, suggesting the project may be auto-generated for testing or demonstration purposes.
      
      #### 4. Main Components
      
      The codebase consists of 15 files, each containing 10 identically structured `Component` classes. Due to this uniformity, we can describe a generic component.
      
      *   **`component_*.py` / `Component*` Class**:
          *   **Description**: This is the fundamental building block of the system. Each component acts as a configurable data processor.
          *   **Initialization (`__init__`)**: It is initialized with a `config` dictionary. It sets up several empty lists to hold plugins for various pipeline stages: `validators`, `transformers`, `handlers`, `middleware`, `plugins`, `listeners`, and `observers`. It also initializes a `cache` dictionary.
          *   **Data Processing (`process_data`)**: This is the main public method. It takes a list of data, iterates through it, and for each item, executes the validation, transformation, and business logic steps by calling its private helper methods. Processed results are cached.
          *   **Helper Methods (`_validate`, `_transform`, `_apply_business_logic`)**: These private methods iterate over their respective plugin lists (e.g., `self.validators`) and apply each plugin to the data item.
      
      #### 5. Key Features
      
      *   **Configurable Data Processing Pipeline**: The core feature is the ability to process data through a multi-stage pipeline.
      *   **Data Validation & Sanitization**: The pipeline includes a dedicated validation stage to ensure data integrity.
      *   **Data Transformation & Normalization**: Data can be transformed or normalized before business logic is applied.
      *   **Pluggable Business Logic**: Core logic is encapsulated in "handlers" that can be dynamically configured.
      *   **Result Caching**: Processed results are cached (`self.cache`) to optimize performance for repeated operations on the same data.
      *   **Extensible Framework**: The architecture is designed to be easily extended with new components, plugins, middleware, and listeners.
      
      #### 6. Dependencies
      
      *   **External Dependencies**: None are detected. The project is self-contained and relies only on the Python standard library.
      *   **Internal Dependencies**: The `typing` module is used for type annotations. There are no explicit import relationships between the component files themselves, suggesting they are designed to be independent modules orchestrated by a higher-level application layer.
      
      #### 7. Code Quality
      
      *   **Positive Aspects**:
          *   **Use of Design Patterns**: The code demonstrates a clear and intentional use of powerful design patterns (Component-Based, Pipeline, Strategy), which is excellent for building a scalable and maintainable system.
          *   **Documentation**: Classes and methods are well-documented with docstrings that explain their purpose, arguments, and return values.
          *   **Type Hinting**: The use of type hints improves code readability and maintainability.
      
      *   **Areas for Improvement**:
          *   **Extreme Code Duplication**: The most significant issue is the massive amount of duplicated code. Every `Component` class in every file is identical. In a real-world scenario, this would be addressed by creating a single base `Component` class and inheriting from it. This repetition strongly indicates that the codebase is synthetic and not intended for production in its current state.
          *   **Unconventional Naming**: The numerical naming scheme for files and classes (`component_1.py`, `Component2`) is not descriptive and would make a real project very difficult to navigate and maintain.
          *   **Skeleton Implementation**: The core logic is a skeleton. The `process_data` method outlines a pipeline, but the actual `validators`, `transformers`, and `handlers` are never instantiated or defined, and the numerous `method_*` functions are empty placeholders.
    ''',
    'project_path': '/private/var/folders/7l/y36rc8k13ds07ntsc0q4xnyr0000gn/T/pytest-of-zerbasta/pytest-17/test_summarize_large_project_u0/large_test_project',
    'statistics': dict({
      'file_types': dict({
        '.py': 15,
      }),
      'languages': dict({
        'python': 15,
      }),
      'total_files': 15,
      'total_size_bytes': 2936175,
      'total_size_mb': 2.8,
      'total_tokens': 527460,
    }),
    'status': 'success',
    'structure': dict({
      'children': dict({
        'src': dict({
          'children': dict({
            'component_0.py': dict({
              'language': 'python',
              'size': 195745,
              'tokens': 35164,
              'type': 'file',
            }),
            'component_1.py': dict({
              'language': 'python',
              'size': 195745,
              'tokens': 35164,
              'type': 'file',
            }),
            'component_10.py': dict({
              'language': 'python',
              'size': 195745,
              'tokens': 35164,
              'type': 'file',
            }),
            'component_11.py': dict({
              'language': 'python',
              'size': 195745,
              'tokens': 35164,
              'type': 'file',
            }),
            'component_12.py': dict({
              'language': 'python',
              'size': 195745,
              'tokens': 35164,
              'type': 'file',
            }),
            'component_13.py': dict({
              'language': 'python',
              'size': 195745,
              'tokens': 35164,
              'type': 'file',
            }),
            'component_14.py': dict({
              'language': 'python',
              'size': 195745,
              'tokens': 35164,
              'type': 'file',
            }),
            'component_2.py': dict({
              'language': 'python',
              'size': 195745,
              'tokens': 35164,
              'type': 'file',
            }),
            'component_3.py': dict({
              'language': 'python',
              'size': 195745,
              'tokens': 35164,
              'type': 'file',
            }),
            'component_4.py': dict({
              'language': 'python',
              'size': 195745,
              'tokens': 35164,
              'type': 'file',
            }),
            'component_5.py': dict({
              'language': 'python',
              'size': 195745,
              'tokens': 35164,
              'type': 'file',
            }),
            'component_6.py': dict({
              'language': 'python',
              'size': 195745,
              'tokens': 35164,
              'type': 'file',
            }),
            'component_7.py': dict({
              'language': 'python',
              'size': 195745,
              'tokens': 35164,
              'type': 'file',
            }),
            'component_8.py': dict({
              'language': 'python',
              'size': 195745,
              'tokens': 35164,
              'type': 'file',
            }),
            'component_9.py': dict({
              'language': 'python',
              'size': 195745,
              'tokens': 35164,
              'type': 'file',
            }),
          }),
          'type': 'directory',
        }),
      }),
      'name': 'large_test_project',
      'type': 'directory',
    }),
    'tech_stack': dict({
    }),
  })
# ---
# name: test_summarize_project_basic
  dict({
    'analysis_details': dict({
      'files_analyzed': 3,
      'used_gemini': False,
    }),
    'has_architecture': False,
    'has_components': False,
    'has_overview': True,
    'has_tech_stack': False,
    'statistics': dict({
      'file_types': dict({
        '.py': 3,
      }),
      'languages': dict({
        'python': 3,
      }),
      'total_files': 3,
      'total_size_bytes': 1503,
      'total_size_mb': 0.0,
      'total_tokens': 345,
    }),
    'status': 'success',
    'structure': dict({
      'children': dict({
        'src': dict({
          'children': dict({
            'main.py': dict({
              'language': 'python',
              'size': 602,
              'tokens': 138,
              'type': 'file',
            }),
            'utils.py': dict({
              'language': 'python',
              'size': 571,
              'tokens': 130,
              'type': 'file',
            }),
          }),
          'type': 'directory',
        }),
        'tests': dict({
          'children': dict({
            'test_main.py': dict({
              'language': 'python',
              'size': 330,
              'tokens': 77,
              'type': 'file',
            }),
          }),
          'type': 'directory',
        }),
      }),
      'name': 'test_project',
      'type': 'directory',
    }),
  })
# ---
# name: test_summarize_project_with_focus_areas
  dict({
    'files_analyzed': 3,
    'languages': dict({
      'python': 3,
    }),
    'status': 'success',
    'total_files': 3,
  })
# ---
